// Jest Snapshot v1, https://goo.gl/fbAQLP

exports[`<App /> 1`] = `
<div>
  <h1>
    Hello, world!
  </h1>
  <img
    src="test-file-stub"
  />
</div>
`;
